2025-08-14 18:46:00 | WARN | repo=pv243-2015-cdi-seminar | action=commit
2025-03-24 08:39:00 | INFO | repo=pv243-2015-cdi-seminar | action=commit
2025-01-03 07:33:00 | WARN | repo=pv243-2015-cdi-seminar | action=commit
2025-01-03 07:02:00 | INFO | repo=pv243-2015-cdi-seminar | action=pull
2025-12-01 18:15:00 | DEBUG | repo=pv243-2015-cdi-seminar | action=commit
2025-10-10 10:12:00 | WARN | repo=pv243-2015-cdi-seminar | action=commit
2025-04-11 16:53:00 | WARN | repo=pv243-2015-cdi-seminar | action=commit
2025-09-21 12:37:00 | INFO | repo=pv243-2015-cdi-seminar | action=commit
2025-02-18 14:01:00 | WARN | repo=pv243-2015-cdi-seminar | action=edit | files=4
2025-04-10 07:32:00 | WARN | repo=pv243-2015-cdi-seminar | action=commit
2025-06-22 16:27:00 | DEBUG | repo=pv243-2015-cdi-seminar | action=commit
2025-01-16 18:57:00 | WARN | repo=pv243-2015-cdi-seminar | action=commit
2025-09-11 07:54:00 | WARN | repo=pv243-2015-cdi-seminar | action=commit
2025-06-23 15:17:00 | INFO | repo=pv243-2015-cdi-seminar | action=test | passed=true
2025-02-19 08:51:00 | INFO | repo=pv243-2015-cdi-seminar | action=test | passed=true
2025-10-19 21:50:00 | DEBUG | repo=pv243-2015-cdi-seminar | action=edit | files=5
2025-07-15 17:08:00 | WARN | repo=pv243-2015-cdi-seminar | action=pull
2025-09-13 16:06:00 | WARN | repo=pv243-2015-cdi-seminar | action=test | passed=true
2025-07-12 18:59:00 | DEBUG | repo=pv243-2015-cdi-seminar | action=commit
2025-03-18 21:39:00 | WARN | repo=pv243-2015-cdi-seminar | action=commit
2025-01-17 21:28:00 | INFO | repo=pv243-2015-cdi-seminar | action=commit
